// Vitest Snapshot v1, https://vitest.dev/guide/snapshot.html

exports[`LandingPageBuilder > snapshot UI testing 1`] = `""`;
